// Jest Snapshot v1, https://goo.gl/fbAQLP

exports[`BFF route inventory (P28 contract freeze) matches the frozen route contract 1`] = `
[
  "DELETE /api/v1/access-units/:unitId/members/:memberType/:memberId | v=1 | guards=[SystemOrgContextGuard,ProjectAccessGuard,SystemAccessGuard] | public=false | module=- | perm=- | sys=- | membershipOnly=true | skipScope=false | tags=[AccessUnits]",
  "DELETE /api/v1/activities/:id | v=1 | guards=[GatewayModuleGuard,ProjectAccessGuard] | public=false | module=activities | perm=activities:delete | sys=- | membershipOnly=false | skipScope=false | tags=[Activities]",
  "DELETE /api/v1/automation/connections/:id | v=1 | guards=[GatewayModuleGuard,ProjectAccessGuard] | public=false | module=automation | perm=automation:manage | sys=- | membershipOnly=false | skipScope=false | tags=[Automation]",
  "DELETE /api/v1/automation/rules/:id | v=1 | guards=[GatewayModuleGuard,ProjectAccessGuard] | public=false | module=automation | perm=automation:manage | sys=- | membershipOnly=false | skipScope=false | tags=[Automation]",
  "DELETE /api/v1/chat/conversations/:id/members | v=1 | guards=[SystemOrgContextGuard,GatewayModuleGuard,ProjectAccessGuard] | public=false | module=chat | perm=- | sys=- | membershipOnly=true | skipScope=false | tags=[Chat]",
  "DELETE /api/v1/chat/messages/:id | v=1 | guards=[SystemOrgContextGuard,GatewayModuleGuard,ProjectAccessGuard] | public=false | module=chat | perm=chat:write | sys=- | membershipOnly=false | skipScope=false | tags=[Chat]",
  "DELETE /api/v1/companies/:id | v=1 | guards=[SystemOrgContextGuard,ProjectAccessGuard,SystemAccessGuard,GatewayModuleGuard] | public=false | module=companies | perm=companies:delete | sys=- | membershipOnly=false | skipScope=false | tags=[Companies]",
  "DELETE /api/v1/contacts/:id | v=1 | guards=[SystemOrgContextGuard,ProjectAccessGuard,SystemAccessGuard,GatewayModuleGuard] | public=false | module=contacts | perm=contacts:delete | sys=- | membershipOnly=false | skipScope=false | tags=[Contacts]",
  "DELETE /api/v1/deal-sources/:id | v=1 | guards=[GatewayModuleGuard,ProjectAccessGuard] | public=false | module=deals | perm=deals:manage | sys=- | membershipOnly=false | skipScope=false | tags=[Pipelines]",
  "DELETE /api/v1/deals/:id | v=1 | guards=[GatewayModuleGuard,ProjectAccessGuard] | public=false | module=deals | perm=deals:delete | sys=- | membershipOnly=false | skipScope=false | tags=[Deals]",
  "DELETE /api/v1/departments/:deptId | v=1 | guards=[SystemOrgContextGuard,ProjectAccessGuard,SystemAccessGuard] | public=false | module=- | perm=org:departments:manage | sys=manage | membershipOnly=false | skipScope=false | tags=[Organizations]",
  "DELETE /api/v1/document-templates/:id | v=1 | guards=[GatewayModuleGuard,ProjectAccessGuard] | public=false | module=documents | perm=documents:manage | sys=- | membershipOnly=false | skipScope=false | tags=[Documents]",
  "DELETE /api/v1/documents/:groupId | v=1 | guards=[GatewayModuleGuard,ProjectAccessGuard] | public=false | module=documents | perm=documents:delete | sys=- | membershipOnly=false | skipScope=false | tags=[Documents]",
  "DELETE /api/v1/lost-reasons/:id | v=1 | guards=[GatewayModuleGuard,ProjectAccessGuard] | public=false | module=deals | perm=deals:manage | sys=- | membershipOnly=false | skipScope=false | tags=[Pipelines]",
  "DELETE /api/v1/order-types/:id | v=1 | guards=[GatewayModuleGuard,ProjectAccessGuard] | public=false | module=orders | perm=orders:manage | sys=- | membershipOnly=false | skipScope=false | tags=[Orders]",
  "DELETE /api/v1/pipelines/:id | v=1 | guards=[GatewayModuleGuard,ProjectAccessGuard] | public=false | module=deals | perm=deals:manage | sys=- | membershipOnly=false | skipScope=false | tags=[Pipelines]",
  "DELETE /api/v1/products/:id | v=1 | guards=[GatewayModuleGuard,ProjectAccessGuard] | public=false | module=products | perm=products:delete | sys=- | membershipOnly=false | skipScope=false | tags=[Products]",
  "DELETE /api/v1/projects/:projectId | v=1 | guards=[SystemOrgContextGuard,ProjectAccessGuard,SystemAccessGuard] | public=false | module=- | perm=project:manage | sys=- | membershipOnly=false | skipScope=false | tags=[Projects]",
  "DELETE /api/v1/projects/:projectId/access-units/:unitId/roles/:assignmentId | v=1 | guards=[ProjectAccessGuard] | public=false | module=- | perm=roles:manage | sys=- | membershipOnly=false | skipScope=false | tags=[Roles]",
  "DELETE /api/v1/projects/:projectId/api-keys/:keyId | v=1 | guards=[SystemOrgContextGuard,ProjectAccessGuard,SystemAccessGuard] | public=false | module=- | perm=project:manage | sys=- | membershipOnly=false | skipScope=false | tags=[Integrations]",
  "DELETE /api/v1/projects/:projectId/departments/:deptId/roles/:assignmentId | v=1 | guards=[ProjectAccessGuard] | public=false | module=- | perm=roles:manage | sys=- | membershipOnly=false | skipScope=false | tags=[Roles]",
  "DELETE /api/v1/projects/:projectId/grants/:grantId | v=1 | guards=[ProjectAccessGuard] | public=false | module=- | perm=roles:manage | sys=- | membershipOnly=false | skipScope=false | tags=[Roles]",
  "DELETE /api/v1/projects/:projectId/integrations/:integrationId | v=1 | guards=[SystemOrgContextGuard,ProjectAccessGuard,SystemAccessGuard] | public=false | module=- | perm=project:manage | sys=- | membershipOnly=false | skipScope=false | tags=[Integrations]",
  "DELETE /api/v1/projects/:projectId/members/:userId | v=1 | guards=[SystemOrgContextGuard,ProjectAccessGuard,SystemAccessGuard] | public=false | module=- | perm=project:manage | sys=- | membershipOnly=false | skipScope=false | tags=[Projects]",
  "DELETE /api/v1/projects/:projectId/members/:userId/roles/:assignmentId | v=1 | guards=[ProjectAccessGuard] | public=false | module=- | perm=roles:manage | sys=- | membershipOnly=false | skipScope=false | tags=[Roles]",
  "DELETE /api/v1/projects/:projectId/roles/:roleId | v=1 | guards=[ProjectAccessGuard] | public=false | module=- | perm=roles:manage | sys=- | membershipOnly=false | skipScope=false | tags=[Roles]",
  "DELETE /api/v1/projects/:projectId/shares/:shareId | v=1 | guards=[SystemOrgContextGuard,ProjectAccessGuard,SystemAccessGuard] | public=false | module=- | perm=- | sys=- | membershipOnly=true | skipScope=false | tags=[Sharing]",
  "DELETE /api/v1/reports/:id | v=1 | guards=[GatewayModuleGuard,ProjectAccessGuard] | public=false | module=reports | perm=reports:manage | sys=- | membershipOnly=false | skipScope=false | tags=[Reports]",
  "DELETE /api/v1/system/departments/:deptId/bindings/:bindingId | v=1 | guards=[SystemOrgContextGuard,ProjectAccessGuard,SystemAccessGuard] | public=false | module=- | perm=org:bindings:manage | sys=manage | membershipOnly=false | skipScope=false | tags=[Organizations]",
  "DELETE /api/v1/system/employees/:userId | v=1 | guards=[SystemOrgContextGuard,ProjectAccessGuard,SystemAccessGuard] | public=false | module=- | perm=org:employees:manage | sys=manage | membershipOnly=false | skipScope=false | tags=[Organizations]",
  "DELETE /api/v1/system/invitations/:id | v=1 | guards=[SystemOrgContextGuard,ProjectAccessGuard,SystemAccessGuard] | public=false | module=- | perm=org:invitations:manage | sys=manage | membershipOnly=false | skipScope=false | tags=[Organizations]",
  "DELETE /api/v1/system/oidc-providers/:id | v=1 | guards=[JwtAuthGuard,SystemOrgContextGuard,SystemAccessGuard] | public=false | module=- | perm=- | sys=manage | membershipOnly=false | skipScope=false | tags=[SystemAuth]",
  "GET /api/audit/events | v=neutral | guards=[ProjectAccessGuard] | public=false | module=- | perm=project:manage | sys=- | membershipOnly=false | skipScope=false | tags=[Audit]",
  "GET /api/audit/events/:id | v=neutral | guards=[ProjectAccessGuard] | public=false | module=- | perm=project:manage | sys=- | membershipOnly=false | skipScope=false | tags=[Audit]",
  "GET /api/notification/catalog | v=neutral | guards=[GatewayModuleGuard,ProjectAccessGuard] | public=false | module=notifications | perm=notifications:read | sys=- | membershipOnly=false | skipScope=false | tags=[Notifications]",
  "GET /api/notification/count | v=neutral | guards=[GatewayModuleGuard,ProjectAccessGuard] | public=false | module=notifications | perm=notifications:read | sys=- | membershipOnly=false | skipScope=false | tags=[Notifications]",
  "GET /api/notification/list | v=neutral | guards=[GatewayModuleGuard,ProjectAccessGuard] | public=false | module=notifications | perm=notifications:read | sys=- | membershipOnly=false | skipScope=false | tags=[Notifications]",
  "GET /api/notification/preferences | v=neutral | guards=[] | public=false | module=- | perm=- | sys=- | membershipOnly=false | skipScope=false | tags=[Notifications]",
  "GET /api/notification/stream | v=neutral | guards=[GatewayModuleGuard,ProjectAccessGuard] | public=false | module=notifications | perm=notifications:read | sys=- | membershipOnly=false | skipScope=false | tags=[Notifications]",
  "GET /api/project-templates | v=neutral | guards=[] | public=false | module=- | perm=- | sys=- | membershipOnly=false | skipScope=false | tags=[Onboarding]",
  "GET /api/projects/:projectId/modules/:moduleId/settings | v=neutral | guards=[ProjectAccessGuard] | public=false | module=- | perm=project:manage | sys=- | membershipOnly=false | skipScope=false | tags=[Projects]",
  "GET /api/search/query | v=neutral | guards=[ProjectAccessGuard] | public=false | module=- | perm=search:read | sys=- | membershipOnly=false | skipScope=false | tags=[Search]",
  "GET /api/search/settings | v=neutral | guards=[ProjectAccessGuard] | public=false | module=- | perm=search:read | sys=- | membershipOnly=false | skipScope=false | tags=[Search]",
  "GET /api/search/status | v=neutral | guards=[ProjectAccessGuard] | public=false | module=- | perm=search:manage | sys=- | membershipOnly=false | skipScope=false | tags=[Search]",
  "GET /api/v1/access-units | v=1 | guards=[SystemOrgContextGuard,ProjectAccessGuard,SystemAccessGuard] | public=false | module=- | perm=- | sys=- | membershipOnly=true | skipScope=false | tags=[AccessUnits]",
  "GET /api/v1/access-units/:unitId/composition-preview | v=1 | guards=[SystemOrgContextGuard,ProjectAccessGuard,SystemAccessGuard] | public=false | module=- | perm=- | sys=- | membershipOnly=true | skipScope=false | tags=[AccessUnits]",
  "GET /api/v1/access-units/:unitId/members | v=1 | guards=[SystemOrgContextGuard,ProjectAccessGuard,SystemAccessGuard] | public=false | module=- | perm=- | sys=- | membershipOnly=true | skipScope=false | tags=[AccessUnits]",
  "GET /api/v1/activities | v=1 | guards=[GatewayModuleGuard,ProjectAccessGuard] | public=false | module=activities | perm=activities:read | sys=- | membershipOnly=false | skipScope=false | tags=[Activities]",
  "GET /api/v1/activities/:id | v=1 | guards=[GatewayModuleGuard,ProjectAccessGuard] | public=false | module=activities | perm=activities:read | sys=- | membershipOnly=false | skipScope=false | tags=[Activities]",
  "GET /api/v1/activities/calendar | v=1 | guards=[GatewayModuleGuard,ProjectAccessGuard] | public=false | module=activities | perm=activities:read | sys=- | membershipOnly=false | skipScope=false | tags=[Activities]",
  "GET /api/v1/activities/overdue-count | v=1 | guards=[GatewayModuleGuard,ProjectAccessGuard] | public=false | module=activities | perm=activities:read | sys=- | membershipOnly=false | skipScope=false | tags=[Activities]",
  "GET /api/v1/activities/trash | v=1 | guards=[GatewayModuleGuard,ProjectAccessGuard] | public=false | module=activities | perm=activities:delete | sys=- | membershipOnly=false | skipScope=false | tags=[Activities]",
  "GET /api/v1/automation/connections | v=1 | guards=[GatewayModuleGuard,ProjectAccessGuard] | public=false | module=automation | perm=automation:manage | sys=- | membershipOnly=false | skipScope=false | tags=[Automation]",
  "GET /api/v1/automation/connections/:id | v=1 | guards=[GatewayModuleGuard,ProjectAccessGuard] | public=false | module=automation | perm=automation:manage | sys=- | membershipOnly=false | skipScope=false | tags=[Automation]",
  "GET /api/v1/automation/dlq | v=1 | guards=[GatewayModuleGuard,ProjectAccessGuard] | public=false | module=automation | perm=automation:manage | sys=- | membershipOnly=false | skipScope=false | tags=[Automation]",
  "GET /api/v1/automation/executions | v=1 | guards=[GatewayModuleGuard,ProjectAccessGuard] | public=false | module=automation | perm=automation:read | sys=- | membershipOnly=false | skipScope=false | tags=[Automation]",
  "GET /api/v1/automation/node-registry | v=1 | guards=[GatewayModuleGuard,ProjectAccessGuard] | public=false | module=automation | perm=automation:read | sys=- | membershipOnly=false | skipScope=false | tags=[Automation]",
  "GET /api/v1/automation/registry | v=1 | guards=[GatewayModuleGuard,ProjectAccessGuard] | public=false | module=automation | perm=automation:read | sys=- | membershipOnly=false | skipScope=false | tags=[Automation]",
  "GET /api/v1/automation/rules | v=1 | guards=[GatewayModuleGuard,ProjectAccessGuard] | public=false | module=automation | perm=automation:read | sys=- | membershipOnly=false | skipScope=false | tags=[Automation]",
  "GET /api/v1/automation/rules/:id | v=1 | guards=[GatewayModuleGuard,ProjectAccessGuard] | public=false | module=automation | perm=automation:read | sys=- | membershipOnly=false | skipScope=false | tags=[Automation]",
  "GET /api/v1/automation/rules/:id/executions | v=1 | guards=[GatewayModuleGuard,ProjectAccessGuard] | public=false | module=automation | perm=automation:read | sys=- | membershipOnly=false | skipScope=false | tags=[Automation]",
  "GET /api/v1/chat/attachments/:versionId/download-url | v=1 | guards=[SystemOrgContextGuard,GatewayModuleGuard,ProjectAccessGuard] | public=false | module=chat | perm=chat:read | sys=- | membershipOnly=false | skipScope=false | tags=[Chat]",
  "GET /api/v1/chat/conversations | v=1 | guards=[SystemOrgContextGuard,GatewayModuleGuard,ProjectAccessGuard] | public=false | module=chat | perm=chat:read | sys=- | membershipOnly=false | skipScope=false | tags=[Chat]",
  "GET /api/v1/chat/conversations/:id | v=1 | guards=[SystemOrgContextGuard,GatewayModuleGuard,ProjectAccessGuard] | public=false | module=chat | perm=chat:read | sys=- | membershipOnly=false | skipScope=false | tags=[Chat]",
  "GET /api/v1/chat/conversations/:id/messages | v=1 | guards=[SystemOrgContextGuard,GatewayModuleGuard,ProjectAccessGuard] | public=false | module=chat | perm=chat:read | sys=- | membershipOnly=false | skipScope=false | tags=[Chat]",
  "GET /api/v1/chat/conversations/:id/presence | v=1 | guards=[SystemOrgContextGuard,GatewayModuleGuard,ProjectAccessGuard] | public=false | module=chat | perm=chat:read | sys=- | membershipOnly=false | skipScope=false | tags=[Chat]",
  "GET /api/v1/chat/conversations/:id/read-receipts | v=1 | guards=[SystemOrgContextGuard,GatewayModuleGuard,ProjectAccessGuard] | public=false | module=chat | perm=chat:read | sys=- | membershipOnly=false | skipScope=false | tags=[Chat]",
  "GET /api/v1/chat/hierarchy-channels | v=1 | guards=[SystemOrgContextGuard,GatewayModuleGuard,ProjectAccessGuard] | public=false | module=chat | perm=chat:read | sys=- | membershipOnly=false | skipScope=false | tags=[Chat]",
  "GET /api/v1/chat/search | v=1 | guards=[SystemOrgContextGuard,GatewayModuleGuard,ProjectAccessGuard] | public=false | module=chat | perm=chat:read | sys=- | membershipOnly=false | skipScope=false | tags=[Chat]",
  "GET /api/v1/chat/stream | v=1 | guards=[SystemOrgContextGuard,GatewayModuleGuard,ProjectAccessGuard] | public=false | module=chat | perm=chat:read | sys=- | membershipOnly=false | skipScope=false | tags=[Chat]",
  "GET /api/v1/chat/unread-count | v=1 | guards=[SystemOrgContextGuard,GatewayModuleGuard,ProjectAccessGuard] | public=false | module=chat | perm=chat:read | sys=- | membershipOnly=false | skipScope=false | tags=[Chat]",
  "GET /api/v1/companies | v=1 | guards=[SystemOrgContextGuard,ProjectAccessGuard,SystemAccessGuard,GatewayModuleGuard] | public=false | module=companies | perm=companies:read | sys=- | membershipOnly=false | skipScope=false | tags=[Companies]",
  "GET /api/v1/companies/:id | v=1 | guards=[SystemOrgContextGuard,ProjectAccessGuard,SystemAccessGuard,GatewayModuleGuard] | public=false | module=companies | perm=companies:read | sys=- | membershipOnly=false | skipScope=false | tags=[Companies]",
  "GET /api/v1/companies/:id/card | v=1 | guards=[SystemOrgContextGuard,ProjectAccessGuard,SystemAccessGuard,GatewayModuleGuard] | public=false | module=companies | perm=companies:read | sys=- | membershipOnly=false | skipScope=false | tags=[Companies]",
  "GET /api/v1/companies/:id/contacts | v=1 | guards=[SystemOrgContextGuard,ProjectAccessGuard,SystemAccessGuard,GatewayModuleGuard] | public=false | module=companies | perm=companies:read | sys=- | membershipOnly=false | skipScope=false | tags=[Companies]",
  "GET /api/v1/companies/:id/history | v=1 | guards=[SystemOrgContextGuard,ProjectAccessGuard,SystemAccessGuard,GatewayModuleGuard] | public=false | module=companies | perm=companies:read | sys=- | membershipOnly=false | skipScope=false | tags=[Companies]",
  "GET /api/v1/companies/aggregate | v=1 | guards=[SystemOrgContextGuard,ProjectAccessGuard,SystemAccessGuard,GatewayModuleGuard] | public=false | module=companies | perm=companies:read | sys=- | membershipOnly=false | skipScope=false | tags=[Companies]",
  "GET /api/v1/companies/duplicates | v=1 | guards=[SystemOrgContextGuard,ProjectAccessGuard,SystemAccessGuard,GatewayModuleGuard] | public=false | module=companies | perm=companies:read | sys=- | membershipOnly=false | skipScope=false | tags=[Companies]",
  "GET /api/v1/companies/export | v=1 | guards=[SystemOrgContextGuard,ProjectAccessGuard,SystemAccessGuard,GatewayModuleGuard] | public=false | module=companies | perm=companies:export | sys=- | membershipOnly=false | skipScope=false | tags=[Companies]",
  "GET /api/v1/companies/trash | v=1 | guards=[SystemOrgContextGuard,ProjectAccessGuard,SystemAccessGuard,GatewayModuleGuard] | public=false | module=companies | perm=companies:read | sys=- | membershipOnly=false | skipScope=false | tags=[Companies]",
  "GET /api/v1/contacts | v=1 | guards=[SystemOrgContextGuard,ProjectAccessGuard,SystemAccessGuard,GatewayModuleGuard] | public=false | module=contacts | perm=contacts:read | sys=- | membershipOnly=false | skipScope=false | tags=[Contacts]",
  "GET /api/v1/contacts/:contactId/deals | v=1 | guards=[GatewayModuleGuard,ProjectAccessGuard] | public=false | module=deals | perm=deals:read | sys=- | membershipOnly=false | skipScope=false | tags=[Contacts]",
  "GET /api/v1/contacts/:id | v=1 | guards=[SystemOrgContextGuard,ProjectAccessGuard,SystemAccessGuard,GatewayModuleGuard] | public=false | module=contacts | perm=contacts:read | sys=- | membershipOnly=false | skipScope=false | tags=[Contacts]",
  "GET /api/v1/contacts/:id/history | v=1 | guards=[SystemOrgContextGuard,ProjectAccessGuard,SystemAccessGuard,GatewayModuleGuard] | public=false | module=contacts | perm=contacts:read | sys=- | membershipOnly=false | skipScope=false | tags=[Contacts]",
  "GET /api/v1/contacts/:id/links | v=1 | guards=[SystemOrgContextGuard,ProjectAccessGuard,SystemAccessGuard,GatewayModuleGuard] | public=false | module=contacts | perm=contacts:read | sys=- | membershipOnly=false | skipScope=false | tags=[Contacts]",
  "GET /api/v1/contacts/duplicate-queue | v=1 | guards=[SystemOrgContextGuard,ProjectAccessGuard,SystemAccessGuard,GatewayModuleGuard] | public=false | module=contacts | perm=contacts:manage | sys=- | membershipOnly=false | skipScope=false | tags=[Contacts]",
  "GET /api/v1/contacts/duplicates | v=1 | guards=[SystemOrgContextGuard,ProjectAccessGuard,SystemAccessGuard,GatewayModuleGuard] | public=false | module=contacts | perm=contacts:read | sys=- | membershipOnly=false | skipScope=false | tags=[Contacts]",
  "GET /api/v1/contacts/export | v=1 | guards=[SystemOrgContextGuard,ProjectAccessGuard,SystemAccessGuard,GatewayModuleGuard] | public=false | module=contacts | perm=contacts:export | sys=- | membershipOnly=false | skipScope=false | tags=[Contacts]",
  "GET /api/v1/contacts/trash | v=1 | guards=[SystemOrgContextGuard,ProjectAccessGuard,SystemAccessGuard,GatewayModuleGuard] | public=false | module=contacts | perm=contacts:read | sys=- | membershipOnly=false | skipScope=false | tags=[Contacts]",
  "GET /api/v1/dashboard | v=1 | guards=[GatewayModuleGuard,ProjectAccessGuard] | public=false | module=statistics | perm=statistics:read | sys=- | membershipOnly=false | skipScope=false | tags=[Statistics]",
  "GET /api/v1/deal-sources | v=1 | guards=[GatewayModuleGuard,ProjectAccessGuard] | public=false | module=deals | perm=deals:read | sys=- | membershipOnly=false | skipScope=false | tags=[Pipelines]",
  "GET /api/v1/deals | v=1 | guards=[GatewayModuleGuard,ProjectAccessGuard] | public=false | module=deals | perm=deals:read | sys=- | membershipOnly=false | skipScope=false | tags=[Deals]",
  "GET /api/v1/deals/:dealId/orders-summary | v=1 | guards=[GatewayModuleGuard,ProjectAccessGuard] | public=false | module=orders | perm=orders:read | sys=- | membershipOnly=false | skipScope=false | tags=[Orders]",
  "GET /api/v1/deals/:id | v=1 | guards=[GatewayModuleGuard,ProjectAccessGuard] | public=false | module=deals | perm=deals:read | sys=- | membershipOnly=false | skipScope=false | tags=[Deals]",
  "GET /api/v1/deals/:id/drift | v=1 | guards=[GatewayModuleGuard,ProjectAccessGuard] | public=false | module=deals | perm=deals:read | sys=- | membershipOnly=false | skipScope=false | tags=[Deals]",
  "GET /api/v1/deals/:id/stage-history | v=1 | guards=[GatewayModuleGuard,ProjectAccessGuard] | public=false | module=deals | perm=deals:read | sys=- | membershipOnly=false | skipScope=false | tags=[Deals]",
  "GET /api/v1/deals/dashboard | v=1 | guards=[GatewayModuleGuard,ProjectAccessGuard] | public=false | module=deals | perm=deals:read | sys=- | membershipOnly=false | skipScope=false | tags=[Deals]",
  "GET /api/v1/deals/disable-cascade-preview | v=1 | guards=[GatewayModuleGuard,ProjectAccessGuard] | public=false | module=deals | perm=project:manage | sys=- | membershipOnly=false | skipScope=false | tags=[Deals]",
  "GET /api/v1/deals/kanban | v=1 | guards=[GatewayModuleGuard,ProjectAccessGuard] | public=false | module=deals | perm=deals:read | sys=- | membershipOnly=false | skipScope=false | tags=[Deals]",
  "GET /api/v1/document-templates | v=1 | guards=[GatewayModuleGuard,ProjectAccessGuard] | public=false | module=documents | perm=documents:read | sys=- | membershipOnly=false | skipScope=false | tags=[Documents]",
  "GET /api/v1/document-templates/:id | v=1 | guards=[GatewayModuleGuard,ProjectAccessGuard] | public=false | module=documents | perm=documents:read | sys=- | membershipOnly=false | skipScope=false | tags=[Documents]",
  "GET /api/v1/document-templates/:id/download | v=1 | guards=[GatewayModuleGuard,ProjectAccessGuard] | public=false | module=documents | perm=documents:read | sys=- | membershipOnly=false | skipScope=false | tags=[Documents]",
  "GET /api/v1/document-templates/:id/revisions | v=1 | guards=[GatewayModuleGuard,ProjectAccessGuard] | public=false | module=documents | perm=documents:read | sys=- | membershipOnly=false | skipScope=false | tags=[Documents]",
  "GET /api/v1/document-variables | v=1 | guards=[GatewayModuleGuard,ProjectAccessGuard] | public=false | module=documents | perm=documents:read | sys=- | membershipOnly=false | skipScope=false | tags=[Documents]",
  "GET /api/v1/documents | v=1 | guards=[GatewayModuleGuard,ProjectAccessGuard] | public=false | module=documents | perm=documents:read | sys=- | membershipOnly=false | skipScope=false | tags=[Documents]",
  "GET /api/v1/documents/:groupId | v=1 | guards=[GatewayModuleGuard,ProjectAccessGuard] | public=false | module=documents | perm=documents:read | sys=- | membershipOnly=false | skipScope=false | tags=[Documents]",
  "GET /api/v1/documents/:groupId/drift | v=1 | guards=[GatewayModuleGuard,ProjectAccessGuard] | public=false | module=documents | perm=documents:read | sys=- | membershipOnly=false | skipScope=false | tags=[Documents]",
  "GET /api/v1/documents/:groupId/versions | v=1 | guards=[GatewayModuleGuard,ProjectAccessGuard] | public=false | module=documents | perm=documents:read | sys=- | membershipOnly=false | skipScope=false | tags=[Documents]",
  "GET /api/v1/documents/versions/:versionId/download | v=1 | guards=[GatewayModuleGuard,ProjectAccessGuard] | public=false | module=documents | perm=documents:read | sys=- | membershipOnly=false | skipScope=false | tags=[Documents]",
  "GET /api/v1/invitations/:token | v=1 | guards=[SystemOrgContextGuard,ProjectAccessGuard,SystemAccessGuard] | public=true | module=- | perm=- | sys=- | membershipOnly=false | skipScope=true | tags=[Organizations]",
  "GET /api/v1/lost-reasons | v=1 | guards=[GatewayModuleGuard,ProjectAccessGuard] | public=false | module=deals | perm=deals:read | sys=- | membershipOnly=false | skipScope=false | tags=[Pipelines]",
  "GET /api/v1/members | v=1 | guards=[GatewayModuleGuard,ProjectAccessGuard] | public=false | module=- | perm=- | sys=- | membershipOnly=true | skipScope=false | tags=[Projects]",
  "GET /api/v1/modules/registry | v=1 | guards=[SystemOrgContextGuard,ProjectAccessGuard,SystemAccessGuard] | public=false | module=- | perm=- | sys=- | membershipOnly=true | skipScope=false | tags=[Modules]",
  "GET /api/v1/order-types | v=1 | guards=[GatewayModuleGuard,ProjectAccessGuard] | public=false | module=orders | perm=orders:read | sys=- | membershipOnly=false | skipScope=false | tags=[Orders]",
  "GET /api/v1/order-types/:id | v=1 | guards=[GatewayModuleGuard,ProjectAccessGuard] | public=false | module=orders | perm=orders:read | sys=- | membershipOnly=false | skipScope=false | tags=[Orders]",
  "GET /api/v1/orders | v=1 | guards=[GatewayModuleGuard,ProjectAccessGuard] | public=false | module=orders | perm=orders:read | sys=- | membershipOnly=false | skipScope=false | tags=[Orders]",
  "GET /api/v1/orders/:id | v=1 | guards=[GatewayModuleGuard,ProjectAccessGuard] | public=false | module=orders | perm=orders:read | sys=- | membershipOnly=false | skipScope=false | tags=[Orders]",
  "GET /api/v1/orders/:id/drift | v=1 | guards=[GatewayModuleGuard,ProjectAccessGuard] | public=false | module=orders | perm=orders:read | sys=- | membershipOnly=false | skipScope=false | tags=[Orders]",
  "GET /api/v1/orders/:id/history | v=1 | guards=[GatewayModuleGuard,ProjectAccessGuard] | public=false | module=orders | perm=orders:read | sys=- | membershipOnly=false | skipScope=false | tags=[Orders]",
  "GET /api/v1/orders/export | v=1 | guards=[GatewayModuleGuard,ProjectAccessGuard] | public=false | module=orders | perm=orders:export | sys=- | membershipOnly=false | skipScope=false | tags=[Orders]",
  "GET /api/v1/orders/kanban | v=1 | guards=[GatewayModuleGuard,ProjectAccessGuard] | public=false | module=orders | perm=orders:read | sys=- | membershipOnly=false | skipScope=false | tags=[Orders]",
  "GET /api/v1/pipelines | v=1 | guards=[GatewayModuleGuard,ProjectAccessGuard] | public=false | module=deals | perm=deals:read | sys=- | membershipOnly=false | skipScope=false | tags=[Pipelines]",
  "GET /api/v1/pipelines/:id | v=1 | guards=[GatewayModuleGuard,ProjectAccessGuard] | public=false | module=deals | perm=deals:read | sys=- | membershipOnly=false | skipScope=false | tags=[Pipelines]",
  "GET /api/v1/platform/modules | v=1 | guards=[SystemOrgContextGuard,ProjectAccessGuard,SystemAccessGuard] | public=false | module=- | perm=- | sys=- | membershipOnly=true | skipScope=false | tags=[Modules]",
  "GET /api/v1/products | v=1 | guards=[GatewayModuleGuard,ProjectAccessGuard] | public=false | module=products | perm=products:read | sys=- | membershipOnly=false | skipScope=false | tags=[Products]",
  "GET /api/v1/products/:id | v=1 | guards=[GatewayModuleGuard,ProjectAccessGuard] | public=false | module=products | perm=products:read | sys=- | membershipOnly=false | skipScope=false | tags=[Products]",
  "GET /api/v1/products/:id/usage | v=1 | guards=[GatewayModuleGuard,ProjectAccessGuard] | public=false | module=products | perm=products:read | sys=- | membershipOnly=false | skipScope=false | tags=[Products]",
  "GET /api/v1/products/categories | v=1 | guards=[GatewayModuleGuard,ProjectAccessGuard] | public=false | module=products | perm=products:read | sys=- | membershipOnly=false | skipScope=false | tags=[Products]",
  "GET /api/v1/products/export | v=1 | guards=[GatewayModuleGuard,ProjectAccessGuard] | public=false | module=products | perm=products:export | sys=- | membershipOnly=false | skipScope=false | tags=[Products]",
  "GET /api/v1/project-invitations/:token | v=1 | guards=[SystemOrgContextGuard,ProjectAccessGuard,SystemAccessGuard] | public=true | module=- | perm=- | sys=- | membershipOnly=false | skipScope=true | tags=[Projects]",
  "GET /api/v1/projects | v=1 | guards=[SystemOrgContextGuard,ProjectAccessGuard,SystemAccessGuard] | public=false | module=- | perm=- | sys=- | membershipOnly=false | skipScope=true | tags=[Projects]",
  "GET /api/v1/projects/:projectId | v=1 | guards=[SystemOrgContextGuard,ProjectAccessGuard,SystemAccessGuard] | public=false | module=- | perm=- | sys=- | membershipOnly=true | skipScope=false | tags=[Projects]",
  "GET /api/v1/projects/:projectId/api-keys | v=1 | guards=[SystemOrgContextGuard,ProjectAccessGuard,SystemAccessGuard] | public=false | module=- | perm=project:manage | sys=- | membershipOnly=false | skipScope=false | tags=[Integrations]",
  "GET /api/v1/projects/:projectId/audit/events | v=1 | guards=[SystemOrgContextGuard,ProjectAccessGuard,SystemAccessGuard] | public=false | module=- | perm=project:manage | sys=- | membershipOnly=false | skipScope=false | tags=[Projects]",
  "GET /api/v1/projects/:projectId/audit/roles | v=1 | guards=[ProjectAccessGuard] | public=false | module=- | perm=roles:read | sys=- | membershipOnly=false | skipScope=false | tags=[Roles]",
  "GET /api/v1/projects/:projectId/grants | v=1 | guards=[ProjectAccessGuard] | public=false | module=- | perm=roles:read | sys=- | membershipOnly=false | skipScope=false | tags=[Roles]",
  "GET /api/v1/projects/:projectId/integrations | v=1 | guards=[SystemOrgContextGuard,ProjectAccessGuard,SystemAccessGuard] | public=false | module=- | perm=project:manage | sys=- | membershipOnly=false | skipScope=false | tags=[Integrations]",
  "GET /api/v1/projects/:projectId/integrations/:integrationId | v=1 | guards=[SystemOrgContextGuard,ProjectAccessGuard,SystemAccessGuard] | public=false | module=- | perm=project:manage | sys=- | membershipOnly=false | skipScope=false | tags=[Integrations]",
  "GET /api/v1/projects/:projectId/integrations/:integrationId/deliveries | v=1 | guards=[SystemOrgContextGuard,ProjectAccessGuard,SystemAccessGuard] | public=false | module=- | perm=project:manage | sys=- | membershipOnly=false | skipScope=false | tags=[Integrations]",
  "GET /api/v1/projects/:projectId/me/permissions | v=1 | guards=[ProjectAccessGuard] | public=false | module=- | perm=- | sys=- | membershipOnly=true | skipScope=false | tags=[Roles]",
  "GET /api/v1/projects/:projectId/me/visibility-summary | v=1 | guards=[ProjectAccessGuard] | public=false | module=- | perm=- | sys=- | membershipOnly=true | skipScope=false | tags=[Roles]",
  "GET /api/v1/projects/:projectId/members | v=1 | guards=[SystemOrgContextGuard,ProjectAccessGuard,SystemAccessGuard] | public=false | module=- | perm=- | sys=- | membershipOnly=true | skipScope=false | tags=[Projects]",
  "GET /api/v1/projects/:projectId/members/:userId/remove-preview | v=1 | guards=[SystemOrgContextGuard,ProjectAccessGuard,SystemAccessGuard] | public=false | module=- | perm=project:manage | sys=- | membershipOnly=false | skipScope=false | tags=[Projects]",
  "GET /api/v1/projects/:projectId/members/:userId/roles | v=1 | guards=[ProjectAccessGuard] | public=false | module=- | perm=roles:read | sys=- | membershipOnly=false | skipScope=false | tags=[Roles]",
  "GET /api/v1/projects/:projectId/modules | v=1 | guards=[SystemOrgContextGuard,ProjectAccessGuard,SystemAccessGuard] | public=false | module=- | perm=- | sys=- | membershipOnly=true | skipScope=false | tags=[Modules]",
  "GET /api/v1/projects/:projectId/modules/:moduleId/disable-impact | v=1 | guards=[SystemOrgContextGuard,ProjectAccessGuard,SystemAccessGuard] | public=false | module=- | perm=project:manage | sys=- | membershipOnly=false | skipScope=false | tags=[Modules]",
  "GET /api/v1/projects/:projectId/modules/:moduleId/enable-impact | v=1 | guards=[SystemOrgContextGuard,ProjectAccessGuard,SystemAccessGuard] | public=false | module=- | perm=project:manage | sys=- | membershipOnly=false | skipScope=false | tags=[Modules]",
  "GET /api/v1/projects/:projectId/permissions | v=1 | guards=[ProjectAccessGuard] | public=false | module=- | perm=- | sys=- | membershipOnly=true | skipScope=false | tags=[Roles]",
  "GET /api/v1/projects/:projectId/permissions/catalog | v=1 | guards=[ProjectAccessGuard] | public=false | module=- | perm=roles:read | sys=- | membershipOnly=false | skipScope=false | tags=[Roles]",
  "GET /api/v1/projects/:projectId/policies | v=1 | guards=[ProjectAccessGuard] | public=false | module=- | perm=- | sys=- | membershipOnly=true | skipScope=false | tags=[Policies]",
  "GET /api/v1/projects/:projectId/role-assignments | v=1 | guards=[ProjectAccessGuard] | public=false | module=- | perm=roles:read | sys=- | membershipOnly=false | skipScope=false | tags=[Roles]",
  "GET /api/v1/projects/:projectId/roles | v=1 | guards=[ProjectAccessGuard] | public=false | module=- | perm=roles:read | sys=- | membershipOnly=false | skipScope=false | tags=[Roles]",
  "GET /api/v1/projects/:projectId/shares | v=1 | guards=[SystemOrgContextGuard,ProjectAccessGuard,SystemAccessGuard] | public=false | module=- | perm=- | sys=- | membershipOnly=true | skipScope=false | tags=[Sharing]",
  "GET /api/v1/projects/:projectId/unassigned | v=1 | guards=[SystemOrgContextGuard,ProjectAccessGuard,SystemAccessGuard] | public=false | module=- | perm=project:manage | sys=- | membershipOnly=false | skipScope=false | tags=[Organizations]",
  "GET /api/v1/public/contacts | v=1 | guards=[ProjectApiKeyGuard] | public=true | module=- | perm=- | sys=- | membershipOnly=false | skipScope=false | tags=[Public API]",
  "GET /api/v1/public/deals | v=1 | guards=[ProjectApiKeyGuard] | public=true | module=- | perm=- | sys=- | membershipOnly=false | skipScope=false | tags=[Public API]",
  "GET /api/v1/reports | v=1 | guards=[GatewayModuleGuard,ProjectAccessGuard] | public=false | module=reports | perm=reports:read | sys=- | membershipOnly=false | skipScope=false | tags=[Reports]",
  "GET /api/v1/reports/:id | v=1 | guards=[GatewayModuleGuard,ProjectAccessGuard] | public=false | module=reports | perm=reports:read | sys=- | membershipOnly=false | skipScope=false | tags=[Reports]",
  "GET /api/v1/statistics | v=1 | guards=[GatewayModuleGuard,ProjectAccessGuard] | public=false | module=statistics | perm=statistics:read | sys=- | membershipOnly=false | skipScope=false | tags=[Statistics]",
  "GET /api/v1/statistics/export | v=1 | guards=[GatewayModuleGuard,ProjectAccessGuard] | public=false | module=statistics | perm=statistics:export | sys=- | membershipOnly=false | skipScope=false | tags=[Statistics]",
  "GET /api/v1/system | v=1 | guards=[SystemOrgContextGuard,ProjectAccessGuard,SystemAccessGuard] | public=false | module=- | perm=- | sys=- | membershipOnly=true | skipScope=false | tags=[Organizations]",
  "GET /api/v1/system/audit | v=1 | guards=[SystemOrgContextGuard,ProjectAccessGuard,SystemAccessGuard] | public=false | module=- | perm=org:audit:read | sys=member | membershipOnly=false | skipScope=false | tags=[Organizations]",
  "GET /api/v1/system/colleagues | v=1 | guards=[SystemOrgContextGuard,ProjectAccessGuard,SystemAccessGuard] | public=false | module=- | perm=org:employees:read | sys=member | membershipOnly=false | skipScope=false | tags=[Organizations]",
  "GET /api/v1/system/departments | v=1 | guards=[SystemOrgContextGuard,ProjectAccessGuard,SystemAccessGuard] | public=false | module=- | perm=org:departments:read | sys=member | membershipOnly=false | skipScope=false | tags=[Organizations]",
  "GET /api/v1/system/departments/:departmentId/summary | v=1 | guards=[SystemOrgContextGuard,ProjectAccessGuard,SystemAccessGuard] | public=false | module=- | perm=- | sys=member | membershipOnly=false | skipScope=false | tags=[Organizations]",
  "GET /api/v1/system/departments/:deptId/bindings | v=1 | guards=[SystemOrgContextGuard,ProjectAccessGuard,SystemAccessGuard] | public=false | module=- | perm=org:bindings:read | sys=member | membershipOnly=false | skipScope=false | tags=[Organizations]",
  "GET /api/v1/system/employees | v=1 | guards=[SystemOrgContextGuard,ProjectAccessGuard,SystemAccessGuard] | public=false | module=- | perm=org:employees:read | sys=member | membershipOnly=false | skipScope=false | tags=[Organizations]",
  "GET /api/v1/system/employees/:userId/offboard/preview | v=1 | guards=[SystemOrgContextGuard,ProjectAccessGuard,SystemAccessGuard] | public=false | module=- | perm=org:employees:manage | sys=manage | membershipOnly=false | skipScope=false | tags=[Organizations]",
  "GET /api/v1/system/invitations | v=1 | guards=[SystemOrgContextGuard,ProjectAccessGuard,SystemAccessGuard] | public=false | module=- | perm=org:invitations:manage | sys=manage | membershipOnly=false | skipScope=false | tags=[Organizations]",
  "GET /api/v1/system/me | v=1 | guards=[SystemOrgContextGuard,ProjectAccessGuard,SystemAccessGuard] | public=false | module=- | perm=- | sys=member | membershipOnly=false | skipScope=false | tags=[Organizations]",
  "GET /api/v1/system/me/permissions | v=1 | guards=[SystemOrgContextGuard,ProjectAccessGuard,SystemAccessGuard] | public=false | module=- | perm=- | sys=member | membershipOnly=false | skipScope=false | tags=[Organizations]",
  "GET /api/v1/system/oidc-providers | v=1 | guards=[JwtAuthGuard,SystemOrgContextGuard,SystemAccessGuard] | public=false | module=- | perm=- | sys=manage | membershipOnly=false | skipScope=false | tags=[SystemAuth]",
  "GET /api/v1/system/requisites | v=1 | guards=[SystemOrgContextGuard,ProjectAccessGuard,SystemAccessGuard] | public=false | module=- | perm=- | sys=member | membershipOnly=false | skipScope=false | tags=[Organizations]",
  "GET /api/v1/system/service-api-keys | v=1 | guards=[JwtAuthGuard,SystemOrgContextGuard,SystemAccessGuard] | public=false | module=- | perm=- | sys=manage | membershipOnly=false | skipScope=false | tags=[SystemAuth]",
  "PATCH /api/v1/access-units/:unitId | v=1 | guards=[SystemOrgContextGuard,ProjectAccessGuard,SystemAccessGuard] | public=false | module=- | perm=- | sys=- | membershipOnly=true | skipScope=false | tags=[AccessUnits]",
  "PATCH /api/v1/activities/:id | v=1 | guards=[GatewayModuleGuard,ProjectAccessGuard] | public=false | module=activities | perm=activities:write | sys=- | membershipOnly=false | skipScope=false | tags=[Activities]",
  "PATCH /api/v1/chat/messages/:id | v=1 | guards=[SystemOrgContextGuard,GatewayModuleGuard,ProjectAccessGuard] | public=false | module=chat | perm=chat:write | sys=- | membershipOnly=false | skipScope=false | tags=[Chat]",
  "PATCH /api/v1/companies/:id/owner | v=1 | guards=[SystemOrgContextGuard,ProjectAccessGuard,SystemAccessGuard,GatewayModuleGuard] | public=false | module=companies | perm=companies:write | sys=- | membershipOnly=false | skipScope=false | tags=[Companies]",
  "PATCH /api/v1/departments/:deptId | v=1 | guards=[SystemOrgContextGuard,ProjectAccessGuard,SystemAccessGuard] | public=false | module=- | perm=- | sys=- | membershipOnly=true | skipScope=false | tags=[Organizations]",
  "PATCH /api/v1/projects/:projectId | v=1 | guards=[SystemOrgContextGuard,ProjectAccessGuard,SystemAccessGuard] | public=false | module=- | perm=project:manage | sys=- | membershipOnly=false | skipScope=false | tags=[Projects]",
  "PATCH /api/v1/projects/:projectId/integrations/:integrationId | v=1 | guards=[SystemOrgContextGuard,ProjectAccessGuard,SystemAccessGuard] | public=false | module=- | perm=project:manage | sys=- | membershipOnly=false | skipScope=false | tags=[Integrations]",
  "PATCH /api/v1/projects/:projectId/members/:userId | v=1 | guards=[SystemOrgContextGuard,ProjectAccessGuard,SystemAccessGuard] | public=false | module=- | perm=project:manage | sys=- | membershipOnly=false | skipScope=false | tags=[Projects]",
  "PATCH /api/v1/projects/:projectId/policies | v=1 | guards=[ProjectAccessGuard] | public=false | module=- | perm=project:manage | sys=- | membershipOnly=false | skipScope=false | tags=[Policies]",
  "PATCH /api/v1/projects/:projectId/roles/:roleId | v=1 | guards=[ProjectAccessGuard] | public=false | module=- | perm=roles:manage | sys=- | membershipOnly=false | skipScope=false | tags=[Roles]",
  "PATCH /api/v1/reports/:id | v=1 | guards=[GatewayModuleGuard,ProjectAccessGuard] | public=false | module=reports | perm=reports:manage | sys=- | membershipOnly=false | skipScope=false | tags=[Reports]",
  "PATCH /api/v1/system/departments/:deptId/bindings/:bindingId | v=1 | guards=[SystemOrgContextGuard,ProjectAccessGuard,SystemAccessGuard] | public=false | module=- | perm=org:bindings:manage | sys=manage | membershipOnly=false | skipScope=false | tags=[Organizations]",
  "PATCH /api/v1/system/employees/:userId | v=1 | guards=[SystemOrgContextGuard,ProjectAccessGuard,SystemAccessGuard] | public=false | module=- | perm=org:employees:manage | sys=manage | membershipOnly=false | skipScope=false | tags=[Organizations]",
  "PATCH /api/v1/system/oidc-providers/:id | v=1 | guards=[JwtAuthGuard,SystemOrgContextGuard,SystemAccessGuard] | public=false | module=- | perm=- | sys=manage | membershipOnly=false | skipScope=false | tags=[SystemAuth]",
  "PATCH /api/v1/system/requisites | v=1 | guards=[SystemOrgContextGuard,ProjectAccessGuard,SystemAccessGuard] | public=false | module=- | perm=- | sys=manage | membershipOnly=false | skipScope=false | tags=[Organizations]",
  "POST /api/forgot-password | v=neutral | guards=[] | public=true | module=- | perm=- | sys=- | membershipOnly=false | skipScope=false | tags=[Profile]",
  "POST /api/notification/send | v=neutral | guards=[GatewayModuleGuard,ProjectAccessGuard] | public=false | module=notifications | perm=notifications.integration:invoke | sys=- | membershipOnly=false | skipScope=false | tags=[Notifications]",
  "POST /api/reset-password | v=neutral | guards=[] | public=true | module=- | perm=- | sys=- | membershipOnly=false | skipScope=false | tags=[Profile]",
  "POST /api/search/reindex | v=neutral | guards=[ProjectAccessGuard] | public=false | module=- | perm=search:manage | sys=- | membershipOnly=false | skipScope=false | tags=[Search]",
  "POST /api/v1/access-units | v=1 | guards=[SystemOrgContextGuard,ProjectAccessGuard,SystemAccessGuard] | public=false | module=- | perm=- | sys=- | membershipOnly=true | skipScope=false | tags=[AccessUnits]",
  "POST /api/v1/access-units/:unitId/archive | v=1 | guards=[SystemOrgContextGuard,ProjectAccessGuard,SystemAccessGuard] | public=false | module=- | perm=- | sys=- | membershipOnly=true | skipScope=false | tags=[AccessUnits]",
  "POST /api/v1/access-units/:unitId/members | v=1 | guards=[SystemOrgContextGuard,ProjectAccessGuard,SystemAccessGuard] | public=false | module=- | perm=- | sys=- | membershipOnly=true | skipScope=false | tags=[AccessUnits]",
  "POST /api/v1/activities | v=1 | guards=[GatewayModuleGuard,ProjectAccessGuard] | public=false | module=activities | perm=activities:write | sys=- | membershipOnly=false | skipScope=false | tags=[Activities]",
  "POST /api/v1/activities/:id/complete | v=1 | guards=[GatewayModuleGuard,ProjectAccessGuard] | public=false | module=activities | perm=activities:write | sys=- | membershipOnly=false | skipScope=false | tags=[Activities]",
  "POST /api/v1/activities/:id/restore | v=1 | guards=[GatewayModuleGuard,ProjectAccessGuard] | public=false | module=activities | perm=activities:delete | sys=- | membershipOnly=false | skipScope=false | tags=[Activities]",
  "POST /api/v1/activities/bulk | v=1 | guards=[GatewayModuleGuard,ProjectAccessGuard] | public=false | module=activities | perm=activities:write | sys=- | membershipOnly=false | skipScope=false | tags=[Activities]",
  "POST /api/v1/automation/connections | v=1 | guards=[GatewayModuleGuard,ProjectAccessGuard] | public=false | module=automation | perm=automation:manage | sys=- | membershipOnly=false | skipScope=false | tags=[Automation]",
  "POST /api/v1/automation/dlq/:id/dismiss | v=1 | guards=[GatewayModuleGuard,ProjectAccessGuard] | public=false | module=automation | perm=automation:manage | sys=- | membershipOnly=false | skipScope=false | tags=[Automation]",
  "POST /api/v1/automation/dlq/:id/retry | v=1 | guards=[GatewayModuleGuard,ProjectAccessGuard] | public=false | module=automation | perm=automation:manage | sys=- | membershipOnly=false | skipScope=false | tags=[Automation]",
  "POST /api/v1/automation/integration/trigger | v=1 | guards=[GatewayModuleGuard,ProjectAccessGuard] | public=false | module=automation | perm=automation.integration:invoke | sys=- | membershipOnly=false | skipScope=false | tags=[Automation]",
  "POST /api/v1/automation/rules | v=1 | guards=[GatewayModuleGuard,ProjectAccessGuard] | public=false | module=automation | perm=automation:write | sys=- | membershipOnly=false | skipScope=false | tags=[Automation]",
  "POST /api/v1/automation/rules/:id/dry-run | v=1 | guards=[GatewayModuleGuard,ProjectAccessGuard] | public=false | module=automation | perm=automation:execute | sys=- | membershipOnly=false | skipScope=false | tags=[Automation]",
  "POST /api/v1/automation/rules/:id/execute | v=1 | guards=[GatewayModuleGuard,ProjectAccessGuard] | public=false | module=automation | perm=automation:execute | sys=- | membershipOnly=false | skipScope=false | tags=[Automation]",
  "POST /api/v1/automation/rules/:id/restore | v=1 | guards=[GatewayModuleGuard,ProjectAccessGuard] | public=false | module=automation | perm=automation:delete | sys=- | membershipOnly=false | skipScope=false | tags=[Automation]",
  "POST /api/v1/automation/rules/:id/run | v=1 | guards=[GatewayModuleGuard,ProjectAccessGuard] | public=false | module=automation | perm=automation:execute | sys=- | membershipOnly=false | skipScope=false | tags=[Automation]",
  "POST /api/v1/automation/rules/validate-graph | v=1 | guards=[GatewayModuleGuard,ProjectAccessGuard] | public=false | module=automation | perm=automation:write | sys=- | membershipOnly=false | skipScope=false | tags=[Automation]",
  "POST /api/v1/chat/attachments | v=1 | guards=[SystemOrgContextGuard,GatewayModuleGuard,ProjectAccessGuard] | public=false | module=chat | perm=chat:write | sys=- | membershipOnly=false | skipScope=false | tags=[Chat]",
  "POST /api/v1/chat/conversations | v=1 | guards=[SystemOrgContextGuard,GatewayModuleGuard,ProjectAccessGuard] | public=false | module=chat | perm=chat:write | sys=- | membershipOnly=false | skipScope=false | tags=[Chat]",
  "POST /api/v1/chat/conversations/:id/archive | v=1 | guards=[SystemOrgContextGuard,GatewayModuleGuard,ProjectAccessGuard] | public=false | module=chat | perm=chat:manage | sys=- | membershipOnly=false | skipScope=false | tags=[Chat]",
  "POST /api/v1/chat/conversations/:id/members | v=1 | guards=[SystemOrgContextGuard,GatewayModuleGuard,ProjectAccessGuard] | public=false | module=chat | perm=chat:manage | sys=- | membershipOnly=false | skipScope=false | tags=[Chat]",
  "POST /api/v1/chat/conversations/:id/messages | v=1 | guards=[SystemOrgContextGuard,GatewayModuleGuard,ProjectAccessGuard] | public=false | module=chat | perm=chat:write | sys=- | membershipOnly=false | skipScope=false | tags=[Chat]",
  "POST /api/v1/chat/conversations/:id/read | v=1 | guards=[SystemOrgContextGuard,GatewayModuleGuard,ProjectAccessGuard] | public=false | module=chat | perm=chat:read | sys=- | membershipOnly=false | skipScope=false | tags=[Chat]",
  "POST /api/v1/chat/conversations/:id/transfer-ownership | v=1 | guards=[SystemOrgContextGuard,GatewayModuleGuard,ProjectAccessGuard] | public=false | module=chat | perm=chat:manage | sys=- | membershipOnly=false | skipScope=false | tags=[Chat]",
  "POST /api/v1/chat/integration/conversations/:id/messages | v=1 | guards=[SystemOrgContextGuard,GatewayModuleGuard,ProjectAccessGuard] | public=false | module=chat | perm=chat.integration:invoke | sys=- | membershipOnly=false | skipScope=false | tags=[Chat]",
  "POST /api/v1/chat/read-all | v=1 | guards=[SystemOrgContextGuard,GatewayModuleGuard,ProjectAccessGuard] | public=false | module=chat | perm=chat:read | sys=- | membershipOnly=false | skipScope=false | tags=[Chat]",
  "POST /api/v1/companies | v=1 | guards=[SystemOrgContextGuard,ProjectAccessGuard,SystemAccessGuard,GatewayModuleGuard] | public=false | module=companies | perm=companies:write | sys=- | membershipOnly=false | skipScope=false | tags=[Companies]",
  "POST /api/v1/companies/:id/restore | v=1 | guards=[SystemOrgContextGuard,ProjectAccessGuard,SystemAccessGuard,GatewayModuleGuard] | public=false | module=companies | perm=companies:write | sys=- | membershipOnly=false | skipScope=false | tags=[Companies]",
  "POST /api/v1/companies/import | v=1 | guards=[SystemOrgContextGuard,ProjectAccessGuard,SystemAccessGuard,GatewayModuleGuard] | public=false | module=companies | perm=companies:import | sys=- | membershipOnly=false | skipScope=false | tags=[Companies]",
  "POST /api/v1/companies/merge | v=1 | guards=[SystemOrgContextGuard,ProjectAccessGuard,SystemAccessGuard,GatewayModuleGuard] | public=false | module=companies | perm=companies:manage | sys=- | membershipOnly=false | skipScope=false | tags=[Companies]",
  "POST /api/v1/companies/merge/:archiveId/restore | v=1 | guards=[SystemOrgContextGuard,ProjectAccessGuard,SystemAccessGuard,GatewayModuleGuard] | public=false | module=companies | perm=companies:manage | sys=- | membershipOnly=false | skipScope=false | tags=[Companies]",
  "POST /api/v1/companies/merge/preview | v=1 | guards=[SystemOrgContextGuard,ProjectAccessGuard,SystemAccessGuard,GatewayModuleGuard] | public=false | module=companies | perm=companies:manage | sys=- | membershipOnly=false | skipScope=false | tags=[Companies]",
  "POST /api/v1/contacts | v=1 | guards=[SystemOrgContextGuard,ProjectAccessGuard,SystemAccessGuard,GatewayModuleGuard] | public=false | module=contacts | perm=contacts:write | sys=- | membershipOnly=false | skipScope=false | tags=[Contacts]",
  "POST /api/v1/contacts/:id/restore | v=1 | guards=[SystemOrgContextGuard,ProjectAccessGuard,SystemAccessGuard,GatewayModuleGuard] | public=false | module=contacts | perm=contacts:write | sys=- | membershipOnly=false | skipScope=false | tags=[Contacts]",
  "POST /api/v1/contacts/:id/unmerge | v=1 | guards=[SystemOrgContextGuard,ProjectAccessGuard,SystemAccessGuard,GatewayModuleGuard] | public=false | module=contacts | perm=contacts:manage | sys=- | membershipOnly=false | skipScope=false | tags=[Contacts]",
  "POST /api/v1/contacts/import | v=1 | guards=[GatewayModuleGuard,ProjectAccessGuard] | public=false | module=contacts | perm=contacts:import | sys=- | membershipOnly=false | skipScope=false | tags=[Contacts]",
  "POST /api/v1/contacts/merge | v=1 | guards=[SystemOrgContextGuard,ProjectAccessGuard,SystemAccessGuard,GatewayModuleGuard] | public=false | module=contacts | perm=contacts:manage | sys=- | membershipOnly=false | skipScope=false | tags=[Contacts]",
  "POST /api/v1/contacts/reassign | v=1 | guards=[SystemOrgContextGuard,ProjectAccessGuard,SystemAccessGuard,GatewayModuleGuard] | public=false | module=contacts | perm=contacts:manage | sys=- | membershipOnly=false | skipScope=false | tags=[Contacts]",
  "POST /api/v1/contacts/reassign-from-owner | v=1 | guards=[SystemOrgContextGuard,ProjectAccessGuard,SystemAccessGuard,GatewayModuleGuard] | public=false | module=contacts | perm=contacts:manage | sys=- | membershipOnly=false | skipScope=false | tags=[Contacts]",
  "POST /api/v1/deal-sources | v=1 | guards=[GatewayModuleGuard,ProjectAccessGuard] | public=false | module=deals | perm=deals:manage | sys=- | membershipOnly=false | skipScope=false | tags=[Pipelines]",
  "POST /api/v1/deals | v=1 | guards=[GatewayModuleGuard,ProjectAccessGuard] | public=false | module=deals | perm=deals:write | sys=- | membershipOnly=false | skipScope=false | tags=[Deals]",
  "POST /api/v1/deals/:id/accept-drift | v=1 | guards=[GatewayModuleGuard,ProjectAccessGuard] | public=false | module=deals | perm=deals:write | sys=- | membershipOnly=false | skipScope=false | tags=[Deals]",
  "POST /api/v1/deals/:id/close | v=1 | guards=[GatewayModuleGuard,ProjectAccessGuard] | public=false | module=deals | perm=deals:write | sys=- | membershipOnly=false | skipScope=false | tags=[Deals]",
  "POST /api/v1/deals/:id/link-company | v=1 | guards=[GatewayModuleGuard,ProjectAccessGuard] | public=false | module=deals | perm=deals:write | sys=- | membershipOnly=false | skipScope=false | tags=[Deals]",
  "POST /api/v1/deals/:id/link-contact | v=1 | guards=[GatewayModuleGuard,ProjectAccessGuard] | public=false | module=deals | perm=deals:write | sys=- | membershipOnly=false | skipScope=false | tags=[Deals]",
  "POST /api/v1/deals/:id/qualify | v=1 | guards=[GatewayModuleGuard,ProjectAccessGuard] | public=false | module=deals | perm=deals:write | sys=- | membershipOnly=false | skipScope=false | tags=[Deals]",
  "POST /api/v1/deals/:id/reopen | v=1 | guards=[GatewayModuleGuard,ProjectAccessGuard,DealReopenRoleGuard] | public=false | module=deals | perm=deals:write | sys=- | membershipOnly=false | skipScope=false | tags=[Deals]",
  "POST /api/v1/deals/:id/restore | v=1 | guards=[GatewayModuleGuard,ProjectAccessGuard] | public=false | module=deals | perm=deals:delete | sys=- | membershipOnly=false | skipScope=false | tags=[Deals]",
  "POST /api/v1/deals/bulk | v=1 | guards=[GatewayModuleGuard,ProjectAccessGuard] | public=false | module=deals | perm=deals:write | sys=- | membershipOnly=false | skipScope=false | tags=[Deals]",
  "POST /api/v1/deals/bulk/accept-drift | v=1 | guards=[GatewayModuleGuard,ProjectAccessGuard] | public=false | module=deals | perm=deals:write | sys=- | membershipOnly=false | skipScope=false | tags=[Deals]",
  "POST /api/v1/document-templates | v=1 | guards=[GatewayModuleGuard,ProjectAccessGuard] | public=false | module=documents | perm=documents:manage | sys=- | membershipOnly=false | skipScope=false | tags=[Documents]",
  "POST /api/v1/document-templates/:id/archive | v=1 | guards=[GatewayModuleGuard,ProjectAccessGuard] | public=false | module=documents | perm=documents:manage | sys=- | membershipOnly=false | skipScope=false | tags=[Documents]",
  "POST /api/v1/document-templates/:id/publish | v=1 | guards=[GatewayModuleGuard,ProjectAccessGuard] | public=false | module=documents | perm=documents:manage | sys=- | membershipOnly=false | skipScope=false | tags=[Documents]",
  "POST /api/v1/documents/:groupId/regenerate | v=1 | guards=[GatewayModuleGuard,ProjectAccessGuard] | public=false | module=documents | perm=documents.generate:execute | sys=- | membershipOnly=false | skipScope=false | tags=[Documents]",
  "POST /api/v1/documents/generate | v=1 | guards=[GatewayModuleGuard,ProjectAccessGuard] | public=false | module=documents | perm=documents.generate:execute | sys=- | membershipOnly=false | skipScope=false | tags=[Documents]",
  "POST /api/v1/documents/upload | v=1 | guards=[GatewayModuleGuard,ProjectAccessGuard] | public=false | module=documents | perm=documents.generate:execute | sys=- | membershipOnly=false | skipScope=false | tags=[Documents]",
  "POST /api/v1/invitations/accept | v=1 | guards=[SystemOrgContextGuard,ProjectAccessGuard,SystemAccessGuard,AuthPublicThrottleGuard] | public=true | module=- | perm=- | sys=- | membershipOnly=false | skipScope=true | tags=[Organizations]",
  "POST /api/v1/lost-reasons | v=1 | guards=[GatewayModuleGuard,ProjectAccessGuard] | public=false | module=deals | perm=deals:manage | sys=- | membershipOnly=false | skipScope=false | tags=[Pipelines]",
  "POST /api/v1/order-types | v=1 | guards=[GatewayModuleGuard,ProjectAccessGuard] | public=false | module=orders | perm=orders:manage | sys=- | membershipOnly=false | skipScope=false | tags=[Orders]",
  "POST /api/v1/order-types/:id/restore | v=1 | guards=[GatewayModuleGuard,ProjectAccessGuard] | public=false | module=orders | perm=orders:manage | sys=- | membershipOnly=false | skipScope=false | tags=[Orders]",
  "POST /api/v1/orders | v=1 | guards=[GatewayModuleGuard,ProjectAccessGuard] | public=false | module=orders | perm=orders:write | sys=- | membershipOnly=false | skipScope=false | tags=[Orders]",
  "POST /api/v1/orders/:id/accept-drift | v=1 | guards=[GatewayModuleGuard,ProjectAccessGuard] | public=false | module=orders | perm=orders:write | sys=- | membershipOnly=false | skipScope=false | tags=[Orders]",
  "POST /api/v1/orders/:id/cancel | v=1 | guards=[GatewayModuleGuard,ProjectAccessGuard] | public=false | module=orders | perm=orders:write | sys=- | membershipOnly=false | skipScope=false | tags=[Orders]",
  "POST /api/v1/orders/:id/retry | v=1 | guards=[GatewayModuleGuard,ProjectAccessGuard] | public=false | module=orders | perm=orders.integration:invoke | sys=- | membershipOnly=false | skipScope=false | tags=[Orders]",
  "POST /api/v1/orders/batch | v=1 | guards=[GatewayModuleGuard,ProjectAccessGuard] | public=false | module=orders | perm=orders:write | sys=- | membershipOnly=false | skipScope=false | tags=[Orders]",
  "POST /api/v1/orders/reassign | v=1 | guards=[GatewayModuleGuard,ProjectAccessGuard] | public=false | module=orders | perm=orders:write | sys=- | membershipOnly=false | skipScope=false | tags=[Orders]",
  "POST /api/v1/pipelines | v=1 | guards=[GatewayModuleGuard,ProjectAccessGuard] | public=false | module=deals | perm=deals:manage | sys=- | membershipOnly=false | skipScope=false | tags=[Pipelines]",
  "POST /api/v1/products | v=1 | guards=[GatewayModuleGuard,ProjectAccessGuard] | public=false | module=products | perm=products:write | sys=- | membershipOnly=false | skipScope=false | tags=[Products]",
  "POST /api/v1/products/:id/archive | v=1 | guards=[GatewayModuleGuard,ProjectAccessGuard] | public=false | module=products | perm=products:write | sys=- | membershipOnly=false | skipScope=false | tags=[Products]",
  "POST /api/v1/products/:id/restore | v=1 | guards=[GatewayModuleGuard,ProjectAccessGuard] | public=false | module=products | perm=products:write | sys=- | membershipOnly=false | skipScope=false | tags=[Products]",
  "POST /api/v1/products/recount | v=1 | guards=[GatewayModuleGuard,ProjectAccessGuard] | public=false | module=products | perm=products:manage | sys=- | membershipOnly=false | skipScope=false | tags=[Products]",
  "POST /api/v1/project-invitations/accept | v=1 | guards=[SystemOrgContextGuard,ProjectAccessGuard,SystemAccessGuard] | public=true | module=- | perm=- | sys=- | membershipOnly=false | skipScope=true | tags=[Projects]",
  "POST /api/v1/projects | v=1 | guards=[SystemOrgContextGuard,ProjectAccessGuard,SystemAccessGuard] | public=false | module=- | perm=- | sys=- | membershipOnly=false | skipScope=true | tags=[Projects]",
  "POST /api/v1/projects/:projectId/access-units/:unitId/roles | v=1 | guards=[ProjectAccessGuard] | public=false | module=- | perm=roles:manage | sys=- | membershipOnly=false | skipScope=false | tags=[Roles]",
  "POST /api/v1/projects/:projectId/access/simulate | v=1 | guards=[ProjectAccessGuard] | public=false | module=- | perm=roles:manage | sys=- | membershipOnly=false | skipScope=false | tags=[Roles]",
  "POST /api/v1/projects/:projectId/api-keys | v=1 | guards=[SystemOrgContextGuard,ProjectAccessGuard,SystemAccessGuard] | public=false | module=- | perm=project:manage | sys=- | membershipOnly=false | skipScope=false | tags=[Integrations]",
  "POST /api/v1/projects/:projectId/apply-template | v=1 | guards=[SystemOrgContextGuard,ProjectAccessGuard,SystemAccessGuard] | public=false | module=- | perm=project:manage | sys=- | membershipOnly=false | skipScope=false | tags=[Projects]",
  "POST /api/v1/projects/:projectId/can | v=1 | guards=[ProjectAccessGuard] | public=false | module=- | perm=- | sys=- | membershipOnly=true | skipScope=false | tags=[Roles]",
  "POST /api/v1/projects/:projectId/departments/:deptId/roles | v=1 | guards=[ProjectAccessGuard] | public=false | module=- | perm=roles:manage | sys=- | membershipOnly=false | skipScope=false | tags=[Roles]",
  "POST /api/v1/projects/:projectId/grants | v=1 | guards=[ProjectAccessGuard] | public=false | module=- | perm=roles:manage | sys=- | membershipOnly=false | skipScope=false | tags=[Roles]",
  "POST /api/v1/projects/:projectId/integrations | v=1 | guards=[SystemOrgContextGuard,ProjectAccessGuard,SystemAccessGuard] | public=false | module=- | perm=project:manage | sys=- | membershipOnly=false | skipScope=false | tags=[Integrations]",
  "POST /api/v1/projects/:projectId/members | v=1 | guards=[SystemOrgContextGuard,ProjectAccessGuard,SystemAccessGuard] | public=false | module=- | perm=project:manage | sys=- | membershipOnly=false | skipScope=false | tags=[Projects]",
  "POST /api/v1/projects/:projectId/members/:userId/roles | v=1 | guards=[ProjectAccessGuard] | public=false | module=- | perm=roles:manage | sys=- | membershipOnly=false | skipScope=false | tags=[Roles]",
  "POST /api/v1/projects/:projectId/modules/:moduleId/disable | v=1 | guards=[SystemOrgContextGuard,ProjectAccessGuard,SystemAccessGuard] | public=false | module=- | perm=project:manage | sys=- | membershipOnly=false | skipScope=false | tags=[Modules]",
  "POST /api/v1/projects/:projectId/modules/:moduleId/enable | v=1 | guards=[SystemOrgContextGuard,ProjectAccessGuard,SystemAccessGuard] | public=false | module=- | perm=project:manage | sys=- | membershipOnly=false | skipScope=false | tags=[Modules]",
  "POST /api/v1/projects/:projectId/modules/:moduleId/install | v=1 | guards=[SystemOrgContextGuard,ProjectAccessGuard,SystemAccessGuard] | public=false | module=- | perm=project:manage | sys=- | membershipOnly=false | skipScope=false | tags=[Modules]",
  "POST /api/v1/projects/:projectId/modules/:moduleId/resume-delivery | v=1 | guards=[SystemOrgContextGuard,ProjectAccessGuard,SystemAccessGuard] | public=false | module=- | perm=project:manage | sys=- | membershipOnly=false | skipScope=false | tags=[Modules]",
  "POST /api/v1/projects/:projectId/modules/:moduleId/uninstall | v=1 | guards=[SystemOrgContextGuard,ProjectAccessGuard,SystemAccessGuard] | public=false | module=- | perm=project:manage | sys=- | membershipOnly=false | skipScope=false | tags=[Modules]",
  "POST /api/v1/projects/:projectId/modules/:moduleId/upgrade | v=1 | guards=[SystemOrgContextGuard,ProjectAccessGuard,SystemAccessGuard] | public=false | module=- | perm=project:manage | sys=- | membershipOnly=false | skipScope=false | tags=[Modules]",
  "POST /api/v1/projects/:projectId/modules/:moduleId/upgrade/preview | v=1 | guards=[SystemOrgContextGuard,ProjectAccessGuard,SystemAccessGuard] | public=false | module=- | perm=project:manage | sys=- | membershipOnly=false | skipScope=false | tags=[Modules]",
  "POST /api/v1/projects/:projectId/policies/validate | v=1 | guards=[ProjectAccessGuard] | public=false | module=- | perm=project:manage | sys=- | membershipOnly=false | skipScope=false | tags=[Policies]",
  "POST /api/v1/projects/:projectId/request-deletion | v=1 | guards=[SystemOrgContextGuard,ProjectAccessGuard,SystemAccessGuard] | public=false | module=- | perm=project:manage | sys=- | membershipOnly=false | skipScope=false | tags=[Projects]",
  "POST /api/v1/projects/:projectId/restore | v=1 | guards=[SystemOrgContextGuard,ProjectAccessGuard,SystemAccessGuard] | public=false | module=- | perm=project:manage | sys=- | membershipOnly=false | skipScope=false | tags=[Projects]",
  "POST /api/v1/projects/:projectId/roles | v=1 | guards=[ProjectAccessGuard] | public=false | module=- | perm=roles:manage | sys=- | membershipOnly=false | skipScope=false | tags=[Roles]",
  "POST /api/v1/projects/:projectId/roles/:roleId/clone | v=1 | guards=[ProjectAccessGuard] | public=false | module=- | perm=roles:manage | sys=- | membershipOnly=false | skipScope=false | tags=[Roles]",
  "POST /api/v1/projects/:projectId/shares | v=1 | guards=[SystemOrgContextGuard,ProjectAccessGuard,SystemAccessGuard] | public=false | module=- | perm=- | sys=- | membershipOnly=true | skipScope=false | tags=[Sharing]",
  "POST /api/v1/projects/:projectId/unarchive | v=1 | guards=[SystemOrgContextGuard,ProjectAccessGuard,SystemAccessGuard] | public=false | module=- | perm=project:manage | sys=- | membershipOnly=false | skipScope=false | tags=[Projects]",
  "POST /api/v1/projects/:projectId/unassigned/bulk-reassign | v=1 | guards=[SystemOrgContextGuard,ProjectAccessGuard,SystemAccessGuard] | public=false | module=- | perm=project:manage | sys=- | membershipOnly=false | skipScope=false | tags=[Organizations]",
  "POST /api/v1/reports | v=1 | guards=[GatewayModuleGuard,ProjectAccessGuard] | public=false | module=reports | perm=reports:manage | sys=- | membershipOnly=false | skipScope=false | tags=[Reports]",
  "POST /api/v1/reports/:id/drill | v=1 | guards=[GatewayModuleGuard,ProjectAccessGuard] | public=false | module=reports | perm=reports:read | sys=- | membershipOnly=false | skipScope=false | tags=[Reports]",
  "POST /api/v1/reports/:id/export | v=1 | guards=[GatewayModuleGuard,ProjectAccessGuard] | public=false | module=reports | perm=reports:export | sys=- | membershipOnly=false | skipScope=false | tags=[Reports]",
  "POST /api/v1/reports/:id/run | v=1 | guards=[GatewayModuleGuard,ProjectAccessGuard] | public=false | module=reports | perm=reports:read | sys=- | membershipOnly=false | skipScope=false | tags=[Reports]",
  "POST /api/v1/system | v=1 | guards=[SystemOrgContextGuard,ProjectAccessGuard,SystemAccessGuard] | public=false | module=- | perm=- | sys=- | membershipOnly=false | skipScope=true | tags=[Organizations]",
  "POST /api/v1/system/deactivate | v=1 | guards=[SystemOrgContextGuard,ProjectAccessGuard,SystemAccessGuard] | public=false | module=- | perm=- | sys=owner | membershipOnly=false | skipScope=false | tags=[Organizations]",
  "POST /api/v1/system/departments | v=1 | guards=[SystemOrgContextGuard,ProjectAccessGuard,SystemAccessGuard] | public=false | module=- | perm=org:departments:manage | sys=manage | membershipOnly=false | skipScope=false | tags=[Organizations]",
  "POST /api/v1/system/departments/:deptId/bindings | v=1 | guards=[SystemOrgContextGuard,ProjectAccessGuard,SystemAccessGuard] | public=false | module=- | perm=org:bindings:manage | sys=manage | membershipOnly=false | skipScope=false | tags=[Organizations]",
  "POST /api/v1/system/employees | v=1 | guards=[SystemOrgContextGuard,ProjectAccessGuard,SystemAccessGuard] | public=false | module=- | perm=org:employees:manage | sys=manage | membershipOnly=false | skipScope=false | tags=[Organizations]",
  "POST /api/v1/system/employees/:userId/deactivate | v=1 | guards=[SystemOrgContextGuard,ProjectAccessGuard,SystemAccessGuard] | public=false | module=- | perm=org:employees:manage | sys=manage | membershipOnly=false | skipScope=false | tags=[Organizations]",
  "POST /api/v1/system/employees/:userId/offboard | v=1 | guards=[SystemOrgContextGuard,ProjectAccessGuard,SystemAccessGuard] | public=false | module=- | perm=org:employees:manage | sys=manage | membershipOnly=false | skipScope=false | tags=[Organizations]",
  "POST /api/v1/system/employees/:userId/reactivate | v=1 | guards=[SystemOrgContextGuard,ProjectAccessGuard,SystemAccessGuard] | public=false | module=- | perm=org:employees:manage | sys=manage | membershipOnly=false | skipScope=false | tags=[Organizations]",
  "POST /api/v1/system/invitations | v=1 | guards=[SystemOrgContextGuard,ProjectAccessGuard,SystemAccessGuard] | public=false | module=- | perm=org:invitations:manage | sys=manage | membershipOnly=false | skipScope=false | tags=[Organizations]",
  "POST /api/v1/system/invitations/:id/resend | v=1 | guards=[SystemOrgContextGuard,ProjectAccessGuard,SystemAccessGuard] | public=false | module=- | perm=org:invitations:manage | sys=manage | membershipOnly=false | skipScope=false | tags=[Organizations]",
  "POST /api/v1/system/logo-upload-url | v=1 | guards=[SystemOrgContextGuard,ProjectAccessGuard,SystemAccessGuard] | public=false | module=- | perm=- | sys=manage | membershipOnly=false | skipScope=false | tags=[Organizations]",
  "POST /api/v1/system/oidc-providers | v=1 | guards=[JwtAuthGuard,SystemOrgContextGuard,SystemAccessGuard] | public=false | module=- | perm=- | sys=manage | membershipOnly=false | skipScope=false | tags=[SystemAuth]",
  "POST /api/v1/system/reactivate | v=1 | guards=[SystemOrgContextGuard,ProjectAccessGuard,SystemAccessGuard] | public=false | module=- | perm=- | sys=owner | membershipOnly=false | skipScope=false | tags=[Organizations]",
  "POST /api/v1/system/reorg/preview | v=1 | guards=[SystemOrgContextGuard,ProjectAccessGuard,SystemAccessGuard] | public=false | module=- | perm=org:departments:manage | sys=manage | membershipOnly=false | skipScope=false | tags=[Organizations]",
  "POST /api/v1/system/transfer-ownership | v=1 | guards=[SystemOrgContextGuard,ProjectAccessGuard,SystemAccessGuard] | public=false | module=- | perm=org:profile:manage | sys=manage | membershipOnly=false | skipScope=false | tags=[Organizations]",
  "PUT /api/notification/:id/read | v=neutral | guards=[GatewayModuleGuard,ProjectAccessGuard] | public=false | module=notifications | perm=notifications:read | sys=- | membershipOnly=false | skipScope=false | tags=[Notifications]",
  "PUT /api/notification/preferences | v=neutral | guards=[] | public=false | module=- | perm=- | sys=- | membershipOnly=false | skipScope=false | tags=[Notifications]",
  "PUT /api/notification/read-all | v=neutral | guards=[GatewayModuleGuard,ProjectAccessGuard] | public=false | module=notifications | perm=notifications:read | sys=- | membershipOnly=false | skipScope=false | tags=[Notifications]",
  "PUT /api/projects/:projectId/modules/:moduleId/settings | v=neutral | guards=[ProjectAccessGuard] | public=false | module=- | perm=project:manage | sys=- | membershipOnly=false | skipScope=false | tags=[Projects]",
  "PUT /api/v1/access-units/:unitId/parent | v=1 | guards=[SystemOrgContextGuard,ProjectAccessGuard,SystemAccessGuard] | public=false | module=- | perm=- | sys=- | membershipOnly=true | skipScope=false | tags=[AccessUnits]",
  "PUT /api/v1/automation/connections/:id | v=1 | guards=[GatewayModuleGuard,ProjectAccessGuard] | public=false | module=automation | perm=automation:manage | sys=- | membershipOnly=false | skipScope=false | tags=[Automation]",
  "PUT /api/v1/automation/rules/:id | v=1 | guards=[GatewayModuleGuard,ProjectAccessGuard] | public=false | module=automation | perm=automation:write | sys=- | membershipOnly=false | skipScope=false | tags=[Automation]",
  "PUT /api/v1/automation/rules/:id/enabled | v=1 | guards=[GatewayModuleGuard,ProjectAccessGuard] | public=false | module=automation | perm=automation:write | sys=- | membershipOnly=false | skipScope=false | tags=[Automation]",
  "PUT /api/v1/companies/:id | v=1 | guards=[SystemOrgContextGuard,ProjectAccessGuard,SystemAccessGuard,GatewayModuleGuard] | public=false | module=companies | perm=companies:write | sys=- | membershipOnly=false | skipScope=false | tags=[Companies]",
  "PUT /api/v1/contacts/:id | v=1 | guards=[SystemOrgContextGuard,ProjectAccessGuard,SystemAccessGuard,GatewayModuleGuard] | public=false | module=contacts | perm=contacts:write | sys=- | membershipOnly=false | skipScope=false | tags=[Contacts]",
  "PUT /api/v1/deal-sources/:id | v=1 | guards=[GatewayModuleGuard,ProjectAccessGuard] | public=false | module=deals | perm=deals:manage | sys=- | membershipOnly=false | skipScope=false | tags=[Pipelines]",
  "PUT /api/v1/deals/:dealId/stage | v=1 | guards=[GatewayModuleGuard,ProjectAccessGuard] | public=false | module=deals | perm=deals:move | sys=- | membershipOnly=false | skipScope=false | tags=[Deals]",
  "PUT /api/v1/deals/:id | v=1 | guards=[GatewayModuleGuard,ProjectAccessGuard] | public=false | module=deals | perm=deals:write | sys=- | membershipOnly=false | skipScope=false | tags=[Deals]",
  "PUT /api/v1/document-templates/:id | v=1 | guards=[GatewayModuleGuard,ProjectAccessGuard] | public=false | module=documents | perm=documents:manage | sys=- | membershipOnly=false | skipScope=false | tags=[Documents]",
  "PUT /api/v1/lost-reasons/:id | v=1 | guards=[GatewayModuleGuard,ProjectAccessGuard] | public=false | module=deals | perm=deals:manage | sys=- | membershipOnly=false | skipScope=false | tags=[Pipelines]",
  "PUT /api/v1/order-types/:id | v=1 | guards=[GatewayModuleGuard,ProjectAccessGuard] | public=false | module=orders | perm=orders:manage | sys=- | membershipOnly=false | skipScope=false | tags=[Orders]",
  "PUT /api/v1/orders/:id | v=1 | guards=[GatewayModuleGuard,ProjectAccessGuard] | public=false | module=orders | perm=orders:write | sys=- | membershipOnly=false | skipScope=false | tags=[Orders]",
  "PUT /api/v1/orders/:orderId/stage | v=1 | guards=[GatewayModuleGuard,ProjectAccessGuard] | public=false | module=orders | perm=orders:move | sys=- | membershipOnly=false | skipScope=false | tags=[Orders]",
  "PUT /api/v1/pipelines/:id | v=1 | guards=[GatewayModuleGuard,ProjectAccessGuard] | public=false | module=deals | perm=deals:manage | sys=- | membershipOnly=false | skipScope=false | tags=[Pipelines]",
  "PUT /api/v1/products/:id | v=1 | guards=[GatewayModuleGuard,ProjectAccessGuard] | public=false | module=products | perm=products:write | sys=- | membershipOnly=false | skipScope=false | tags=[Products]",
]
`;
